// Jest Snapshot v1, https://goo.gl/fbAQLP

exports[`initial state should start with a disabled search button 1`] = `
<form
  className="SearchForm-searchForm-2"
  onSubmit={[Function]}
>
  <p
    className="MuiTypography-root SearchForm-title-1 MuiTypography-body1"
  >
    search
  </p>
  <div
    className="MuiGrid-root SearchForm-searchBar-3 MuiGrid-container MuiGrid-justify-xs-center"
  >
    <input
      className="SearchForm-searchField-4"
      name="query"
      onBlur={[Function]}
      onChange={[Function]}
      onFocus={[Function]}
      type="text"
      value="search for a song"
    />
    <button
      className="SearchForm-buttonDisabled-6"
      disabled={true}
      onClick={[Function]}
      type="submit"
    >
      <p
        className="MuiTypography-root MuiTypography-body1"
      >
        search tracks
      </p>
    </button>
  </div>
  <div
    className="MuiGrid-root SearchForm-resultsContainer-7 MuiGrid-container"
  >
    <div
      className="SearchResults-noResults-142"
    >
      <p
        className="MuiTypography-root SearchResults-message-143 MuiTypography-body1"
      >
        Search for a song by title to view results!
      </p>
    </div>
  </div>
</form>
`;

exports[`initial state should start with a search field with default text 1`] = `
<form
  className="SearchForm-searchForm-2"
  onSubmit={[Function]}
>
  <p
    className="MuiTypography-root SearchForm-title-1 MuiTypography-body1"
  >
    search
  </p>
  <div
    className="MuiGrid-root SearchForm-searchBar-3 MuiGrid-container MuiGrid-justify-xs-center"
  >
    <input
      className="SearchForm-searchField-4"
      name="query"
      onBlur={[Function]}
      onChange={[Function]}
      onFocus={[Function]}
      type="text"
      value="search for a song"
    />
    <button
      className="SearchForm-buttonDisabled-6"
      disabled={true}
      onClick={[Function]}
      type="submit"
    >
      <p
        className="MuiTypography-root MuiTypography-body1"
      >
        search tracks
      </p>
    </button>
  </div>
  <div
    className="MuiGrid-root SearchForm-resultsContainer-7 MuiGrid-container"
  >
    <div
      className="SearchResults-noResults-142"
    >
      <p
        className="MuiTypography-root SearchResults-message-143 MuiTypography-body1"
      >
        Search for a song by title to view results!
      </p>
    </div>
  </div>
</form>
`;

exports[`should start with a search field with default text 1`] = `
<form
  className="SearchForm-searchForm-2"
  onSubmit={[Function]}
>
  <p
    className="MuiTypography-root SearchForm-title-1 MuiTypography-body1"
  >
    search
  </p>
  <div
    className="MuiGrid-root SearchForm-searchBar-3 MuiGrid-container MuiGrid-justify-xs-center"
  >
    <input
      className="SearchForm-searchField-4"
      name="query"
      onBlur={[Function]}
      onChange={[Function]}
      onFocus={[Function]}
      type="text"
      value="search for a song"
    />
    <button
      className="SearchForm-buttonDisabled-6"
      disabled={true}
      onClick={[Function]}
      type="submit"
    >
      <p
        className="MuiTypography-root MuiTypography-body1"
      >
        search tracks
      </p>
    </button>
  </div>
  <div
    className="MuiGrid-root SearchForm-resultsContainer-7 MuiGrid-container"
  >
    <div
      className="SearchResults-noResults-142"
    >
      <p
        className="MuiTypography-root SearchResults-message-143 MuiTypography-body1"
      >
        Search for a song by title to view results!
      </p>
    </div>
  </div>
</form>
`;
